// Jest Snapshot v1, https://goo.gl/fbAQLP

exports[`matches snapshot 1`] = `
<section
  className="quote-section"
>
  <p
    className=""
  >
    Without calculators, advanced math courses, such as Calculus, would require much longer class-times and reformatted lesson plans. Calculators, when used alongside a comprehensive mathematics curriculum, increase the quality and quantity of student learning.
  </p>
</section>
`;
